128x128@2.tar,
64@openssh.com,
64x64@2.tar,
adikushnir@gmail.com,
agi@inittab.org,
agmartin@debian.org,
alvar@meiko.co,
and1000@debian.org,
Andrei.Kholodnyi@gmail.com,
aron@debian.org,
biebl@debian.org,
bigon@debian.org,
billh@gnome.org,
birkir@midstod.is,
branden@debian.org,
bryan.quigley@canonical.com,
buchal@brailcom.org,
ccheney@debian.org,
chlor@schou.dk,
clameter@debian.org,
cmbrannon79@gmail.com,
coscell@gmail.com,
cwendling@hypra.fr,
dave@mielke.cc,
devel@lists.alioth,
dhowells@redhat.com,
didier@slint.fr,
director@chpi.org,
e2scrub@host.domain,
ejad@debian.org,
ejka@imfi.kspu,
filippo@debian.org,
fudge@thefudge.net,
garycramblitt@comcast.net,
gcasse@oralux.org,
hmh@debian.org,
hmh@rcm.org,
hussainmkj@gmail.com,
imurdock@gnu.ai,
intrigeri@boum.org,
iwamatsu@debian.org,
jamie@canonical.com,
jmccann@redhat.com,
jmknoble@mercury.interpath,
jonathan.davies@canonical.com,
jon@jon.demon,
jplejacq@quoininc.com,
jtang@tresys.com,
kahan@informatik.tu,
kees@ubuntu.com,
kel@otaku42.de,
kurtz.alex@googlemail.com,
Leon.Ungier@ViewPlus.com,
license@farsiweb.info,
limonciello@dell.com,
listaddr1@gmx.net,
maint@lists.alioth,
martin.pitt@ubuntu.com,
martin@piware.de,
mick@kulgan.net,
mike@piratehaven.org,
mike.sivill@viewplus.com,
miquels@cistron.nl,
mlang@delysid.org,
mramadan@nattiq.com,
mueller@teamix.net,
muzeo@wanadoo.fr,
nico@fluxnic.net,
no.known.email@example.com,
obert01@mistigri.org,
osamu@debian.org,
printing@lists.debian,
rafael@debian.org,
rene@debian.org,
rleigh@debian.org,
robert.ancell@canonical.com,
rob@mars.org,
rpoitevin@hypra.fr,
rq@akl.lt,
ruiandrebatista@gmail.com,
sable@users.sourceforge,
Sergio.Gelato@astro.su,
sjoerd@debian.org,
speechd@freebsoft.org,
steve.beattie@canonical.com,
tadas.matus@gmail.com,
themuso@themuso.com,
themuso@ubuntu.com,
tomas.mardsjo@icap.nu,
torma.zsolt@infoalap.hu,
trev.saunders@gmail.com,
tytso@mit.edu,
username@site.domain,
vtsaran@gmail.com,
walters@debian.org,
w.d.hubbs@gmail.com,
x@channels.undernet,
x@lists.debian,
yan@mistigri.org
